\BOOKMARK [1][-]{section.1}{\376\377\000I\000n\000t\000r\000o\000d\000u\000c\000t\000i\000o\000n}{}% 1
\BOOKMARK [1][-]{section.2}{\376\377\000R\000e\000l\000a\000t\000e\000d\000\040\000W\000o\000r\000k}{}% 2
\BOOKMARK [1][-]{section.3}{\376\377\000T\000a\000s\000k\000\040\000a\000n\000d\000\040\000D\000a\000t\000a\000\040\000C\000o\000n\000s\000t\000r\000u\000c\000t\000i\000o\000n}{}% 3
\BOOKMARK [2][-]{subsection.3.1}{\376\377\000B\000a\000s\000e\000\040\000D\000a\000t\000a\000s\000e\000t\000\040\000a\000n\000d\000\040\000P\000e\000r\000t\000u\000r\000b\000a\000t\000i\000o\000n\000\040\000D\000e\000s\000i\000g\000n}{section.3}% 4
\BOOKMARK [2][-]{subsection.3.2}{\376\377\000V\000a\000l\000i\000d\000a\000t\000i\000o\000n\000\040\000a\000n\000d\000\040\000D\000i\000a\000g\000n\000o\000s\000t\000i\000c\000\040\000R\000e\000c\000o\000r\000d\000s}{section.3}% 5
\BOOKMARK [1][-]{section.4}{\376\377\000G\000e\000n\000e\000r\000a\000t\000i\000o\000n\000,\000\040\000L\000a\000b\000e\000l\000s\000,\000\040\000a\000n\000d\000\040\000J\000u\000d\000g\000i\000n\000g}{}% 6
\BOOKMARK [2][-]{subsection.4.1}{\376\377\000R\000A\000G\000\040\000G\000e\000n\000e\000r\000a\000t\000i\000o\000n\000\040\000f\000r\000o\000m\000\040\000P\000e\000r\000t\000u\000r\000b\000e\000d\000\040\000G\000r\000o\000u\000n\000d\000i\000n\000g}{section.4}% 7
\BOOKMARK [2][-]{subsection.4.2}{\376\377\000T\000w\000o\000-\000L\000a\000y\000e\000r\000\040\000L\000a\000b\000e\000l\000i\000n\000g\000\040\000a\000n\000d\000\040\000B\000l\000i\000n\000d\000\040\000J\000u\000d\000g\000i\000n\000g}{section.4}% 8
\BOOKMARK [1][-]{section.5}{\376\377\000R\000e\000s\000u\000l\000t\000s}{}% 9
\BOOKMARK [2][-]{subsection.5.1}{\376\377\000V\000a\000l\000i\000d\000a\000t\000e\000d\000\040\000J\000u\000d\000g\000e\000\040\000M\000a\000t\000r\000i\000x}{section.5}% 10
\BOOKMARK [2][-]{subsection.5.2}{\376\377\000A\000n\000s\000w\000e\000r\000-\000P\000a\000i\000r\000e\000d\000\040\000S\000a\000m\000e\000-\000D\000e\000p\000l\000o\000y\000m\000e\000n\000t\000\040\000E\000f\000f\000e\000c\000t\000s}{section.5}% 11
\BOOKMARK [2][-]{subsection.5.3}{\376\377\000G\000e\000n\000e\000r\000a\000t\000o\000r\000\040\000B\000e\000h\000a\000v\000i\000o\000r\000\040\000E\000x\000p\000l\000a\000i\000n\000s\000\040\000t\000h\000e\000\040\000M\000a\000t\000r\000i\000x}{section.5}% 12
\BOOKMARK [2][-]{subsection.5.4}{\376\377\000H\000u\000m\000a\000n\000\040\000E\000v\000a\000l\000u\000a\000t\000i\000o\000n\000\040\000o\000f\000\040\000A\000p\000p\000a\000r\000e\000n\000t\000\040\000F\000a\000l\000s\000e\000\040\000P\000o\000s\000i\000t\000i\000v\000e\000s}{section.5}% 13
\BOOKMARK [2][-]{subsection.5.5}{\376\377\000L\000o\000c\000a\000l\000i\000z\000a\000t\000i\000o\000n\000\040\000R\000e\000m\000a\000i\000n\000s\000\040\000S\000t\000r\000o\000n\000g}{section.5}% 14
\BOOKMARK [1][-]{section.6}{\376\377\000D\000i\000s\000c\000u\000s\000s\000i\000o\000n}{}% 15
\BOOKMARK [1][-]{section.7}{\376\377\000C\000o\000n\000c\000l\000u\000s\000i\000o\000n}{}% 16
\BOOKMARK [1][-]{appendix.A}{\376\377\000P\000e\000r\000t\000u\000r\000b\000a\000t\000i\000o\000n\000\040\000a\000n\000d\000\040\000V\000a\000l\000i\000d\000a\000t\000i\000o\000n\000\040\000E\000x\000a\000m\000p\000l\000e\000s}{}% 17
\BOOKMARK [1][-]{appendix.B}{\376\377\000G\000e\000n\000e\000r\000a\000t\000i\000o\000n\000\040\000E\000x\000a\000m\000p\000l\000e\000s}{}% 18
\BOOKMARK [1][-]{appendix.C}{\376\377\000J\000u\000d\000g\000e\000\040\000S\000c\000h\000e\000m\000a\000\040\000a\000n\000d\000\040\000E\000x\000a\000m\000p\000l\000e\000s}{}% 19
\BOOKMARK [1][-]{appendix.D}{\376\377\000R\000a\000w\000\040\000D\000i\000a\000g\000o\000n\000a\000l\000\040\000S\000i\000g\000n\000a\000t\000u\000r\000e\000s\000\040\000V\000e\000r\000s\000u\000s\000\040\000P\000a\000i\000r\000e\000d\000\040\000C\000o\000n\000t\000r\000a\000s\000t\000s}{}% 20
\BOOKMARK [1][-]{appendix.E}{\376\377\000F\000u\000l\000l\000-\000S\000e\000t\000\040\000J\000u\000d\000g\000e\000\040\000M\000e\000t\000r\000i\000c\000s}{}% 21
\BOOKMARK [1][-]{appendix.F}{\376\377\000L\000o\000c\000a\000l\000i\000z\000a\000t\000i\000o\000n\000\040\000T\000a\000b\000l\000e}{}% 22
\BOOKMARK [1][-]{appendix.G}{\376\377\000V\000a\000l\000i\000d\000a\000t\000e\000d\000,\000\040\000F\000u\000l\000l\000,\000\040\000a\000n\000d\000\040\000D\000i\000a\000g\000n\000o\000s\000t\000i\000c\000\040\000S\000e\000n\000s\000i\000t\000i\000v\000i\000t\000y}{}% 23
\BOOKMARK [1][-]{appendix.H}{\376\377\000A\000d\000d\000i\000t\000i\000o\000n\000a\000l\000\040\000D\000a\000t\000a\000\040\000V\000i\000s\000u\000a\000l\000i\000z\000a\000t\000i\000o\000n\000s}{}% 24
\BOOKMARK [1][-]{appendix.I}{\376\377\000H\000u\000m\000a\000n\000\040\000E\000v\000a\000l\000u\000a\000t\000i\000o\000n\000\040\000C\000o\000d\000e\000b\000o\000o\000k}{}% 25
\BOOKMARK [1][-]{appendix.J}{\376\377\000E\000v\000a\000l\000u\000a\000t\000i\000o\000n\000\040\000I\000m\000p\000l\000e\000m\000e\000n\000t\000a\000t\000i\000o\000n\000\040\000a\000n\000d\000\040\000R\000e\000p\000r\000o\000d\000u\000c\000i\000b\000i\000l\000i\000t\000y}{}% 26
